==============================================================================
CHECK 5 — missingness/scale artifacts in aggregate cross-site scores
==============================================================================
(sampling 1200 stays per arm, seed=0)

--- PhysioNet Site A  vs  PhysioNet Site B ---
component    avail A   avail B    ratio     mean A     mean B   scale
MAP           0.9233    1.0000      1.1    0.01927    0.02120    1.00
HH            0.5986    0.0193     31.0    0.00065    0.00017    0.03
SpO2          0.5620    0.2487      2.3    0.06957    0.00656    2.22
  aggregate, as scored      : 0.02821 vs 0.01971   (relative gap 0.301)
  aggregate, composition-only: 0.02144 vs 0.02334   (relative gap 0.081)
  max availability ratio 31.0 (flag > 2.0)
  composition/naive gap RATIO (unbounded, not a %): 0.27 (flag > 0.3)
  ==> clean

--- PhysioNet Site A (half 1)  vs  PhysioNet Site A (half 2) ---
component    avail A   avail B    ratio     mean A     mean B   scale
MAP           0.9233    0.9434      1.0    0.01927    0.02016    1.00
HH            0.5986    0.6361      1.1    0.00065    0.00074    0.04
SpO2          0.5620    0.5771      1.0    0.06957    0.07285    3.61
  aggregate, as scored      : 0.02821 vs 0.03041   (relative gap 0.072)
  aggregate, composition-only: 0.02719 vs 0.02688   (relative gap 0.011)
  max availability ratio 1.1 (flag > 2.0)
  composition/naive gap RATIO (unbounded, not a %): 0.16 (flag > 0.3)
  ==> clean

------------------------------------------------------------------------------
positive (PhysioNet Site A vs PhysioNet Site B) flagged=False  expected=True
negative (PhysioNet Site A vs itself)    flagged=False  expected=False

check5                      TP=0  FP=0  FN=1  TN=1  prec=nan rec=0.00 fpr=0.00
verdict: NEEDS WORK
