C:\Users\nikhi\Codes\pclCodebase\chat1_protocol\src\models\backbone.py:90: UserWarning: enable_nested_tensor is True, but self.use_nested_tensor is False because encoder_layer.norm_first was True
  self.encoder = nn.TransformerEncoder(encoder_layer, num_layers=n_layers)
C:\Users\nikhi\Codes\pclCodebase\chat1_protocol\src\models\backbone.py:90: UserWarning: enable_nested_tensor is True, but self.use_nested_tensor is False because encoder_layer.norm_first was True
  self.encoder = nn.TransformerEncoder(encoder_layer, num_layers=n_layers)
==============================================================================
CHECK 2 — non-zero-shot pretraining leakage
==============================================================================
model d=64 layers=2 | device=cpu | 900 stays/site | 5 seeds | 3 epochs
NOTE: the data split is re-drawn per seed (site sample, leak pool and probe slice), so the reported spread includes split variance.
source=651  leak pool=675  probe=225 (probe never pretrained on)
  leakage   0%  probe loss 0.006739 +/- 0.000431   [0.007, 0.00623, 0.00631, 0.00706, 0.0071]
  leakage   5%  probe loss 0.006526 +/- 0.000379   [0.00675, 0.00598, 0.00629, 0.0067, 0.00691]
  leakage  20%  probe loss 0.006129 +/- 0.000361   [0.00628, 0.00574, 0.00578, 0.00627, 0.00658]
  leakage 100%  probe loss 0.005678 +/- 0.000300   [0.00558, 0.00534, 0.00558, 0.00574, 0.00615]

null (0% leakage): mean=0.006739 sd=0.000431   (unpaired spread — large, hence the paired test below)

  leakage   probe loss   paired rel. delta       t   agree  detected
       0%     0.006739                0.0%    0.00   False     False   (crit -2.132)
       5%     0.006526               -3.1%   -3.96    True      True   (crit -2.132)
      20%     0.006129               -9.0%  -12.02    True      True   (crit -2.132)
     100%     0.005678              -15.6%   -9.54    True      True   (crit -2.132)

------------------------------------------------------------------------------
false positive at 0% leakage: False   (must be False)
detection floor: 5% leakage
verdict: DETECTOR VALIDATED
