==============================================================================
CHECK 1 — label-definition shift across sites
==============================================================================
data: C:\Users\nikhi\Codes\pclCodebase\chat1_protocol\data\eICU-demo
cohort n=1627   ICD prevalence=0.146   SOFA prevalence=0.058
SOFA(window) prevalence=0.089

--- positive (ICD vs SOFA) ---
  prevalence      site1=0.153  site2=0.068  ratio=2.26   (weak signal, flag>1.5)
  audit subset    n=500  raw agreement=0.878  kappa=0.358   (flag<0.6)
  ==> FLAGGED: label-definition mismatch

--- negative (SOFA window vs single) ---
  prevalence      site1=0.080  site2=0.068  ratio=1.18   (weak signal, flag>1.5)
  audit subset    n=500  raw agreement=0.962  kappa=0.771   (flag<0.6)
  ==> clean

------------------------------------------------------------------------------
positive (ICD vs SOFA)     flagged=True   expected=True   kappa=0.358  PASS
negative (SOFA window vs single) flagged=False  expected=False  kappa=0.771  PASS

detections: TP=1 FP=0 FN=0 TN=1
verdict: DETECTOR VALIDATED

same-criterion split noise (one criterion, disjoint halves):
  ICD   prevalence 0.153 vs 0.139  ratio=1.10
  SOFA  prevalence 0.049 vs 0.068  ratio=1.37   <-- within reach of the 1.5 threshold

prevalence ratio, positive=2.26 vs negative=1.37: separable — kappa on a fixed audit subset is the reliable signal.
