==============================================================================
DETECTOR 2 — external validation, MIMIC-IV demo -> eICU demo
==============================================================================
model d=64 layers=2 | device=cpu | 5 seeds | 3 epochs
data path: sample['values'] (fixed PLAUS bounds, shared across datasets) — see module docstring
source(MIMIC)=117  leak pool(eICU, capped)=117  probe(eICU)=391
C:\Users\nikhi\Codes\pclCodebase\chat1_protocol\src\models\backbone.py:90: UserWarning: enable_nested_tensor is True, but self.use_nested_tensor is False because encoder_layer.norm_first was True
  self.encoder = nn.TransformerEncoder(encoder_layer, num_layers=n_layers)
C:\Users\nikhi\Codes\pclCodebase\chat1_protocol\src\models\backbone.py:90: UserWarning: enable_nested_tensor is True, but self.use_nested_tensor is False because encoder_layer.norm_first was True
  self.encoder = nn.TransformerEncoder(encoder_layer, num_layers=n_layers)
  seed 42 done (1/5)
C:\Users\nikhi\Codes\pclCodebase\chat1_protocol\src\models\backbone.py:90: UserWarning: enable_nested_tensor is True, but self.use_nested_tensor is False because encoder_layer.norm_first was True
  self.encoder = nn.TransformerEncoder(encoder_layer, num_layers=n_layers)
  seed 43 done (2/5)
C:\Users\nikhi\Codes\pclCodebase\chat1_protocol\src\models\backbone.py:90: UserWarning: enable_nested_tensor is True, but self.use_nested_tensor is False because encoder_layer.norm_first was True
  self.encoder = nn.TransformerEncoder(encoder_layer, num_layers=n_layers)
  seed 44 done (3/5)
C:\Users\nikhi\Codes\pclCodebase\chat1_protocol\src\models\backbone.py:90: UserWarning: enable_nested_tensor is True, but self.use_nested_tensor is False because encoder_layer.norm_first was True
  self.encoder = nn.TransformerEncoder(encoder_layer, num_layers=n_layers)
  seed 45 done (4/5)
C:\Users\nikhi\Codes\pclCodebase\chat1_protocol\src\models\backbone.py:90: UserWarning: enable_nested_tensor is True, but self.use_nested_tensor is False because encoder_layer.norm_first was True
  self.encoder = nn.TransformerEncoder(encoder_layer, num_layers=n_layers)
  seed 46 done (5/5)

  leakage   0%  probe loss 0.025879 +/- 0.009571   [0.03014, 0.01628, 0.01761, 0.02578, 0.03958]
  leakage   5%  probe loss 0.025243 +/- 0.009424   [0.02943, 0.01618, 0.01657, 0.02537, 0.03867]
  leakage  20%  probe loss 0.020641 +/- 0.007176   [0.02377, 0.01359, 0.01438, 0.02046, 0.031]
  leakage 100%  probe loss 0.011428 +/- 0.002030   [0.01312, 0.00922, 0.00949, 0.01167, 0.01364]

  leakage   probe loss   paired rel. delta       t   agree  detected
       0%     0.025879                0.0%    0.00   False     False   (crit -2.132)
       5%     0.025243               -2.6%   -2.86    True      True   (crit -2.132)
      20%     0.020641              -19.7%  -20.21    True      True   (crit -2.132)
     100%     0.011428              -53.2%  -13.49    True      True   (crit -2.132)

------------------------------------------------------------------------------
false positive at 0% leakage: False   (must be False)
detection floor: 5% leakage
check2 EXTERNAL             TP=3  FP=0  FN=0  TN=1  prec=1.00 rec=1.00 fpr=0.00

NOTE: the MIMIC source is the entire demo cohort at every seed, so the source contributes no split variance; only the eICU target split varies with the seed.
